%!Adobe-FontList 1.22
%Locale:0x404

%BeginFont
Handler:DirectoryHandler
FontType:TrueType
FontName:Myriad-Roman
FamilyName:Myriad Roman
StyleName:Regular
FullName:Myriad Roman
MenuName:Myriad Roman
StyleBits:0
WritingScript:Roman
OutlineFileName:C:\Users\貓的\Desktop\text\Font\MyriadRoman.ttf
DataFormat:sfntData
hasSVG:no
VariableFontType:NonVariableFont
FileLength:81456
FileModTime:1611059194
WeightClass:400
WidthClass:5
AngleClass:0
NameArray:0,Mac,4,Myriad Roman
NameArray:0,Win,1,Myriad Roman
%EndFont

%BeginFont
Handler:DirectoryHandler
FontType:CID
FontName:AdobeFanHeitiStd-Bold
FamilyName:Adobe Fan Heiti Std
StyleName:B
FullName:Adobe Fan Heiti Std B
MenuName:Adobe 繁黑體 Std B
StyleBits:2
FamilyNameNative:Adobe 繁黑體 Std
StyleNameNative:B
FullNameNative:Adobe 繁黑體 Std B
WritingScript:TraditionalChinese
OutlineFileName:C:\Users\貓的\Desktop\text\Font\adobe-std-b_501.otf
DataFormat:sfntData
isCFF:yes
hasSVG:no
VariableFontType:NonVariableFont
FileLength:5500724
FileModTime:1611059104
WeightClass:600
WidthClass:5
AngleClass:0
NameArray:0,Mac,4,Adobe Fan Heiti Std B
NameArray:2,Mac,4,Adobe 繁黑體 Std B
NameArray:2,Win,1,Adobe 繁黑體 Std B
NameArray:2,Win,16,Adobe 繁黑體 Std
NameArray:0,Win,1,Adobe Fan Heiti Std B
NameArray:0,Win,16,Adobe Fan Heiti Std
NameArray:2,Win,1,Adobe 繁黑體 Std B
NameArray:2,Win,16,Adobe 繁黑體 Std
%EndFont

